e:\projet\connecteo\microsip\microsip-3.22.3-src\microsip\release\microsip.pch
e:\projet\connecteo\microsip\microsip-3.22.3-src\microsip\release\vc145.pdb
e:\projet\connecteo\microsip\microsip-3.22.3-src\microsip\release\stdafx.obj
e:\projet\connecteo\microsip\microsip-3.22.3-src\microsip\release\aaoptionsdlg.obj
e:\projet\connecteo\microsip\microsip-3.22.3-src\microsip\release\buttonbottom.obj
e:\projet\connecteo\microsip\microsip-3.22.3-src\microsip\release\calls.obj
e:\projet\connecteo\microsip\microsip-3.22.3-src\microsip\release\dialer.obj
e:\projet\connecteo\microsip\microsip-3.22.3-src\microsip\release\jumplist.obj
e:\projet\connecteo\microsip\microsip-3.22.3-src\microsip\release\cmask.obj
e:\projet\connecteo\microsip\microsip-3.22.3-src\microsip\release\json_reader.obj
e:\projet\connecteo\microsip\microsip-3.22.3-src\microsip\release\json_value.obj
e:\projet\connecteo\microsip\microsip-3.22.3-src\microsip\release\langpack.obj
e:\projet\connecteo\microsip\microsip-3.22.3-src\microsip\release\modelessmessagebox.obj
e:\projet\connecteo\microsip\microsip-3.22.3-src\microsip\release\maindlg.obj
e:\projet\connecteo\microsip\microsip-3.22.3-src\microsip\release\settings.obj
e:\projet\connecteo\microsip\microsip-3.22.3-src\microsip\release\statusbar.obj
e:\projet\connecteo\microsip\microsip-3.22.3-src\microsip\release\addons.obj
e:\projet\connecteo\microsip\microsip-3.22.3-src\microsip\release\basedialog.obj
e:\projet\connecteo\microsip\microsip-3.22.3-src\microsip\release\clistctrl_sortable.obj
e:\projet\connecteo\microsip\microsip-3.22.3-src\microsip\release\contacts.obj
e:\projet\connecteo\microsip\microsip-3.22.3-src\microsip\release\iconbutton.obj
e:\projet\connecteo\microsip\microsip-3.22.3-src\microsip\release\crypto.obj
e:\projet\connecteo\microsip\microsip-3.22.3-src\microsip\release\json_writer.obj
e:\projet\connecteo\microsip\microsip-3.22.3-src\microsip\release\markup.obj
e:\projet\connecteo\microsip\microsip-3.22.3-src\microsip\release\stdiofileex.obj
e:\projet\connecteo\microsip\microsip-3.22.3-src\microsip\release\microsip.obj
e:\projet\connecteo\microsip\microsip-3.22.3-src\microsip\release\settingsdlg.obj
e:\projet\connecteo\microsip\microsip-3.22.3-src\microsip\release\adddlg.obj
e:\projet\connecteo\microsip\microsip-3.22.3-src\microsip\release\buttonex.obj
e:\projet\connecteo\microsip\microsip-3.22.3-src\microsip\release\clistctrl_sortitemsex.obj
e:\projet\connecteo\microsip\microsip-3.22.3-src\microsip\release\featurecodesdlg.obj
e:\projet\connecteo\microsip\microsip-3.22.3-src\microsip\release\clistctrl_tooltip.obj
e:\projet\connecteo\microsip\microsip-3.22.3-src\microsip\release\csvfile.obj
e:\projet\connecteo\microsip\microsip-3.22.3-src\microsip\release\levelssliderctrl.obj
e:\projet\connecteo\microsip\microsip-3.22.3-src\microsip\release\msip.obj
e:\projet\connecteo\microsip\microsip-3.22.3-src\microsip\release\messagesdlg.obj
e:\projet\connecteo\microsip\microsip-3.22.3-src\microsip\release\ringindlg.obj
e:\projet\connecteo\microsip\microsip-3.22.3-src\microsip\release\transfer.obj
e:\projet\connecteo\microsip\microsip-3.22.3-src\microsip\release\accountdlg.obj
e:\projet\connecteo\microsip\microsip-3.22.3-src\microsip\release\buttondialer.obj
e:\projet\connecteo\microsip\microsip-3.22.3-src\microsip\release\buttonsafe.obj
e:\projet\connecteo\microsip\microsip-3.22.3-src\microsip\release\closabletabctrl.obj
e:\projet\connecteo\microsip\microsip-3.22.3-src\microsip\release\global.obj
e:\projet\connecteo\microsip\microsip-3.22.3-src\microsip\release\hid.obj
e:\projet\connecteo\microsip\microsip-3.22.3-src\microsip\release\messageboxx.obj
e:\projet\connecteo\microsip\microsip-3.22.3-src\microsip\release\visualstylesxp.obj
e:\projet\connecteo\microsip\microsip-3.22.3-src\microsip\release\preview.obj
e:\projet\connecteo\microsip\microsip-3.22.3-src\microsip\release\shortcutsdlg.obj
e:\projet\connecteo\microsip\microsip-3.22.3-src\microsip\release\main.res
e:\projet\connecteo\microsip\microsip-3.22.3-src\microsip\release\microsip.tlog\cl.command.1.tlog
e:\projet\connecteo\microsip\microsip-3.22.3-src\microsip\release\microsip.tlog\cl.read.1.tlog
e:\projet\connecteo\microsip\microsip-3.22.3-src\microsip\release\microsip.tlog\cl.write.1.tlog
e:\projet\connecteo\microsip\microsip-3.22.3-src\microsip\release\microsip.tlog\link.command.1.tlog
e:\projet\connecteo\microsip\microsip-3.22.3-src\microsip\release\microsip.tlog\link.read.1.tlog
e:\projet\connecteo\microsip\microsip-3.22.3-src\microsip\release\microsip.tlog\link.write.1.tlog
e:\projet\connecteo\microsip\microsip-3.22.3-src\microsip\release\microsip.tlog\rc.command.1.tlog
e:\projet\connecteo\microsip\microsip-3.22.3-src\microsip\release\microsip.tlog\rc.read.1.tlog
e:\projet\connecteo\microsip\microsip-3.22.3-src\microsip\release\microsip.tlog\rc.write.1.tlog
